01:50:08 **** Incremental Build of configuration Debug for project Practica1 ****
make -j8 all 
arm-none-eabi-gcc "../Core/Src/stm32f1xx_it.c" -mcpu=cortex-m3 -std=gnu11 -g3 -DDEBUG -DUSE_HAL_DRIVER -DSTM32F103xB -c -I../Core/Inc -I../Drivers/STM32F1xx_HAL_Driver/Inc -I../Drivers/STM32F1xx_HAL_Driver/Inc/Legacy -I../Drivers/CMSIS/Device/ST/STM32F1xx/Include -I../Drivers/CMSIS/Include -O0 -ffunction-sections -fdata-sections -Wall -fstack-usage -fcyclomatic-complexity -MMD -MP -MF"Core/Src/stm32f1xx_it.d" -MT"Core/Src/stm32f1xx_it.o" --specs=nano.specs -mfloat-abi=soft -mthumb -o "Core/Src/stm32f1xx_it.o"
arm-none-eabi-gcc -o "Practica1.elf" @"objects.list"   -mcpu=cortex-m3 -T"C:\Users\alvar\Desktop\UNIVERSIDAD\6o\SETR1\Workspace\Practica1\STM32F103RBTX_FLASH.ld" --specs=nosys.specs -Wl,-Map="Practica1.map" -Wl,--gc-sections -static --specs=nano.specs -mfloat-abi=soft -mthumb -Wl,--start-group -lc -lm -Wl,--end-group
Finished building target: Practica1.elf
 
arm-none-eabi-size  Practica1.elf 
arm-none-eabi-objdump -h -S Practica1.elf  > "Practica1.list"
   text	   data	    bss	    dec	    hex	filename
   5636	     12	   1644	   7292	   1c7c	Practica1.elf
Finished building: default.size.stdout
 
Finished building: Practica1.list
 

01:50:09 Build Finished. 0 errors, 0 warnings. (took 877ms)

