09:26:36 **** Incremental Build of configuration Debug for project Practica2 ****
make -j8 all 
arm-none-eabi-gcc "../Core/Src/main.c" -mcpu=cortex-m4 -std=gnu11 -g3 -DDEBUG -DUSE_HAL_DRIVER -DSTM32L475xx -DUSE_FULL_LL_DRIVER -c -I../Core/Inc -I../Drivers/STM32L4xx_HAL_Driver/Inc -I../Drivers/STM32L4xx_HAL_Driver/Inc/Legacy -I../Drivers/CMSIS/Device/ST/STM32L4xx/Include -I../Drivers/CMSIS/Include -O0 -ffunction-sections -fdata-sections -Wall -fstack-usage -fcyclomatic-complexity -MMD -MP -MF"Core/Src/main.d" -MT"Core/Src/main.o" --specs=nano.specs -mfpu=fpv4-sp-d16 -mfloat-abi=hard -mthumb -o "Core/Src/main.o"
arm-none-eabi-gcc "../Core/Src/stm32l4xx_it.c" -mcpu=cortex-m4 -std=gnu11 -g3 -DDEBUG -DUSE_HAL_DRIVER -DSTM32L475xx -DUSE_FULL_LL_DRIVER -c -I../Core/Inc -I../Drivers/STM32L4xx_HAL_Driver/Inc -I../Drivers/STM32L4xx_HAL_Driver/Inc/Legacy -I../Drivers/CMSIS/Device/ST/STM32L4xx/Include -I../Drivers/CMSIS/Include -O0 -ffunction-sections -fdata-sections -Wall -fstack-usage -fcyclomatic-complexity -MMD -MP -MF"Core/Src/stm32l4xx_it.d" -MT"Core/Src/stm32l4xx_it.o" --specs=nano.specs -mfpu=fpv4-sp-d16 -mfloat-abi=hard -mthumb -o "Core/Src/stm32l4xx_it.o"
arm-none-eabi-gcc -o "Practica2.elf" @"objects.list"   -mcpu=cortex-m4 -T"C:\Users\alvar\Desktop\UNIVERSIDAD\6o\SETR1\Workspace\Practica2\STM32L475VGTX_FLASH.ld" --specs=nosys.specs -Wl,-Map="Practica2.map" -Wl,--gc-sections -static --specs=nano.specs -mfpu=fpv4-sp-d16 -mfloat-abi=hard -mthumb -Wl,--start-group -lc -lm -Wl,--end-group
Finished building target: Practica2.elf
 
arm-none-eabi-size  Practica2.elf 
arm-none-eabi-objdump -h -S Practica2.elf  > "Practica2.list"
   text	   data	    bss	    dec	    hex	filename
  23820	     12	   3444	  27276	   6a8c	Practica2.elf
Finished building: default.size.stdout
 
Finished building: Practica2.list
 

09:26:38 Build Finished. 0 errors, 0 warnings. (took 1s.410ms)

