../Core/Src/main.c:81:5:main	16	static
../Core/Src/main.c:157:6:SystemClock_Config	96	static
../Core/Src/main.c:218:13:MX_DFSDM1_Init	8	static
../Core/Src/main.c:256:13:MX_I2C2_Init	8	static
../Core/Src/main.c:304:13:MX_QUADSPI_Init	8	static
../Core/Src/main.c:337:13:MX_SPI3_Init	8	static
../Core/Src/main.c:377:13:MX_USART1_UART_Init	8	static
../Core/Src/main.c:412:13:MX_USART3_UART_Init	8	static
../Core/Src/main.c:447:13:MX_GPIO_Init	48	static
../Core/Src/main.c:641:6:Error_Handler	4	static,ignoring_inline_asm
