../Core/Src/hd44780.c:31:6:lcd_clock	8	static
../Core/Src/hd44780.c:44:6:lcd_reset	8	static
../Core/Src/hd44780.c:96:6:lcd_write	16	static
../Core/Src/hd44780.c:172:6:lcd_clear	8	static
../Core/Src/hd44780.c:180:6:lcd_display_settings	16	static
../Core/Src/hd44780.c:187:6:lcd_display_address	16	static
../Core/Src/hd44780.c:192:6:lcd_cgram_address	16	static
../Core/Src/hd44780.c:198:6:lcd_print	24	static
../Core/Src/hd44780.c:224:6:writeIntegerToLCD	24	static
../Core/Src/hd44780.c:241:6:moveToXY	24	static
