../Core/Src/main.c:74:6:fill_buffer	24	static
../Core/Src/main.c:82:5:__io_putchar	24	static
../Core/Src/main.c:95:5:main	16	static
../Core/Src/main.c:178:6:SystemClock_Config	96	static
../Core/Src/main.c:229:13:MX_I2C2_Init	8	static
../Core/Src/main.c:277:13:MX_TIM2_Init	48	static
../Core/Src/main.c:326:13:MX_USART1_UART_Init	8	static
../Core/Src/main.c:359:13:MX_DMA_Init	16	static
../Core/Src/main.c:377:13:MX_GPIO_Init	40	static
../Core/Src/main.c:419:6:Error_Handler	4	static,ignoring_inline_asm
