../Core/Src/main.c:67:6:setMotorSpeed	16	static
../Core/Src/main.c:77:6:LSM6DSL_Init	32	static
../Core/Src/main.c:84:9:LSM6DSL_ReadAccel	40	static
../Core/Src/main.c:92:6:setServoPos	24	static
../Core/Src/main.c:103:5:main	16	static
../Core/Src/main.c:168:6:SystemClock_Config	96	static
../Core/Src/main.c:219:13:MX_I2C2_Init	8	static
../Core/Src/main.c:267:13:MX_TIM2_Init	48	static
../Core/Src/main.c:320:13:MX_TIM3_Init	48	static
../Core/Src/main.c:369:13:MX_USART1_UART_Init	8	static
../Core/Src/main.c:404:13:MX_GPIO_Init	16	static
../Core/Src/main.c:425:6:Error_Handler	4	static,ignoring_inline_asm
